---
source: src/repo.rs
expression: mapped
---
{
  "pagination": {
    "page": 1,
    "per_page": 10,
    "total_pages": 1,
    "total_items": 1
  },
  "items": [
    {
      "id": "rose#wonderland",
      "mintable": "Infinitely",
      "logo": null,
      "metadata": {},
      "owned_by": "ed0120CE7FA46C9DCE7EA4B125E2E36BDB63EA33073E7590AC92816AE1E861B7048B03@wonderland",
      "assets": 2
    }
  ]
}
