---
source: src/telemetry.rs
expression: info
---
[
  {
    "url": "http://iroha.tech/0",
    "connected": false,
    "telemetry_unsupported": false,
    "config": null,
    "location": null,
    "connected_peers": null
  },
  {
    "url": "http://iroha.tech/1",
    "connected": false,
    "telemetry_unsupported": false,
    "config": null,
    "location": null,
    "connected_peers": null
  },
  {
    "url": "http://iroha.tech/2",
    "connected": false,
    "telemetry_unsupported": false,
    "config": null,
    "location": null,
    "connected_peers": null
  },
  {
    "url": "http://iroha.tech/3",
    "connected": false,
    "telemetry_unsupported": false,
    "config": null,
    "location": null,
    "connected_peers": null
  }
]
