---
source: src/repo.rs
expression: mapped
---
{
  "pagination": {
    "page": 1,
    "per_page": 10,
    "total_pages": 1,
    "total_items": 1
  },
  "items": [
    {
      "id": "snowflake$wonderland",
      "owned_by": "ed0120CA92F6B66EB49188C40CE3B4A916687B260518F57C467C2961516F46DE3B537D@looking_glass",
      "content": {
        "another-rather-unique-metadata-set-later": [
          5,
          1,
          2,
          3,
          4
        ],
        "what-am-i": "an nft, unique as a snowflake"
      }
    }
  ]
}
